// Jest Snapshot v1, https://goo.gl/fbAQLP

exports[`Snapshot renders correctly 1`] = `
<button
  className="sc-bdnylx cfBdBq"
>
  <p>
    Teste
  </p>
</button>
`;
